// Jest Snapshot v1, https://goo.gl/fbAQLP

exports[`file-system flatten 1`] = `
Array [
  "a",
  "b",
  "c.js",
  "b.js",
  "d.js",
]
`;

exports[`file-system toJSON 1`] = `
Object {
  "basename": "src",
  "cwd": "/Users/haolchen/Documents/__self__/poz/src/file-system/__test__/fixtures/src",
  "nodes": Array [
    Object {
      "basename": "a",
      "cwd": "/Users/haolchen/Documents/__self__/poz/src/file-system/__test__/fixtures/src",
      "nodes": Array [
        Object {
          "basename": "b",
          "cwd": "/Users/haolchen/Documents/__self__/poz/src/file-system/__test__/fixtures/src",
          "nodes": Array [
            Object {
              "basename": "c.js",
              "cwd": "/Users/haolchen/Documents/__self__/poz/src/file-system/__test__/fixtures/src",
              "relative": "a/b/c.js",
            },
          ],
          "relative": "a/b",
        },
        Object {
          "basename": "b.js",
          "cwd": "/Users/haolchen/Documents/__self__/poz/src/file-system/__test__/fixtures/src",
          "relative": "a/b.js",
        },
      ],
      "relative": "a",
    },
    Object {
      "basename": "d.js",
      "cwd": "/Users/haolchen/Documents/__self__/poz/src/file-system/__test__/fixtures/src",
      "relative": "d.js",
    },
  ],
  "relative": "",
}
`;
